#-----------------------------------------------------------
# Vivado v2018.2 (64-bit)
# SW Build 2258646 on Thu Jun 14 20:02:38 MDT 2018
# IP Build 2256618 on Thu Jun 14 22:10:49 MDT 2018
# Start of session at: Tue Jul  2 11:21:43 2019
# Process ID: 28661
# Current directory: /home/mowaidah/gits/nfa-bre/sdx/mct-nfa/vivado_rtl_kernel/mct_ex
# Command line: vivado -notrace -source /home/mowaidah/gits/nfa-bre/sdx/mct-nfa/vivado_rtl_kernel/vivado_rtl_kernel.srcs/sources_1/ip/mct/mct_ex.tcl
# Log file: /home/mowaidah/gits/nfa-bre/sdx/mct-nfa/vivado_rtl_kernel/mct_ex/vivado.log
# Journal file: /home/mowaidah/gits/nfa-bre/sdx/mct-nfa/vivado_rtl_kernel/mct_ex/vivado.jou
#-----------------------------------------------------------
start_gui
source /home/mowaidah/gits/nfa-bre/sdx/mct-nfa/vivado_rtl_kernel/vivado_rtl_kernel.srcs/sources_1/ip/mct/mct_ex.tcl -notrace
update_compile_order -fileset sources_1
update_compile_order -fileset sources_1
add_files -norecurse {/home/mowaidah/gits/nfa-bre/sdx/mct-nfa/vivado_rtl_kernel/mct_ex/imports/InputChannel.sv /home/mowaidah/gits/nfa-bre/sdx/mct-nfa/vivado_rtl_kernel/mct_ex/imports/mct_axi_write_master.sv /home/mowaidah/gits/nfa-bre/sdx/mct-nfa/vivado_rtl_kernel/mct_ex/imports/mct_top.sv /home/mowaidah/gits/nfa-bre/sdx/mct-nfa/vivado_rtl_kernel/mct_ex/imports/mct_wrapper.vhd /home/mowaidah/gits/nfa-bre/sdx/mct-nfa/vivado_rtl_kernel/mct_ex/imports/mct_counter.sv /home/mowaidah/gits/nfa-bre/sdx/mct-nfa/vivado_rtl_kernel/mct_ex/imports/mct_axi_read_master.sv}
update_compile_order -fileset sources_1
export_ip_user_files -of_objects  [get_files /home/mowaidah/gits/nfa-bre/sdx/mct-nfa/vivado_rtl_kernel/mct_ex/imports/mct_example_adder.v] -no_script -reset -force -quiet
export_ip_user_files -of_objects  [get_files /home/mowaidah/gits/nfa-bre/sdx/mct-nfa/vivado_rtl_kernel/mct_ex/imports/mct_example.sv] -no_script -reset -force -quiet
export_ip_user_files -of_objects  [get_files /home/mowaidah/gits/nfa-bre/sdx/mct-nfa/vivado_rtl_kernel/mct_ex/imports/mct_example_axi_read_master.sv] -no_script -reset -force -quiet
export_ip_user_files -of_objects  [get_files /home/mowaidah/gits/nfa-bre/sdx/mct-nfa/vivado_rtl_kernel/mct_ex/imports/mct_example_axi_write_master.sv] -no_script -reset -force -quiet
export_ip_user_files -of_objects  [get_files /home/mowaidah/gits/nfa-bre/sdx/mct-nfa/vivado_rtl_kernel/mct_ex/imports/mct_example_counter.sv] -no_script -reset -force -quiet
export_ip_user_files -of_objects  [get_files /home/mowaidah/gits/nfa-bre/sdx/mct-nfa/vivado_rtl_kernel/mct_ex/imports/mct_example_vadd.sv] -no_script -reset -force -quiet
remove_files  {/home/mowaidah/gits/nfa-bre/sdx/mct-nfa/vivado_rtl_kernel/mct_ex/imports/mct_example_adder.v /home/mowaidah/gits/nfa-bre/sdx/mct-nfa/vivado_rtl_kernel/mct_ex/imports/mct_example.sv /home/mowaidah/gits/nfa-bre/sdx/mct-nfa/vivado_rtl_kernel/mct_ex/imports/mct_example_axi_read_master.sv /home/mowaidah/gits/nfa-bre/sdx/mct-nfa/vivado_rtl_kernel/mct_ex/imports/mct_example_axi_write_master.sv /home/mowaidah/gits/nfa-bre/sdx/mct-nfa/vivado_rtl_kernel/mct_ex/imports/mct_example_counter.sv /home/mowaidah/gits/nfa-bre/sdx/mct-nfa/vivado_rtl_kernel/mct_ex/imports/mct_example_vadd.sv}
update_compile_order -fileset sources_1
